// Jest Snapshot v1, https://goo.gl/fbAQLP

exports[`test input input-value 1`] = `
<input
  type="text"
/>
`;
